100022c0:WintunCloseAdapter
10002780:WintunGetAdapterLUID
10002bd0:WintunCreateAdapter
100035e0:WintunOpenAdapter
10004050:WintunGetRunningDriverVersion
10004b30:WintunDeleteDriver
10004df0:WintunSetLogger
10005b90:WintunStartSession
10005d90:WintunEndSession
10005e00:WintunGetReadWaitEvent
10005e10:WintunReceivePacket
10005ec0:WintunReleaseReceivePacket
10005f30:WintunAllocateSendPacket
10005fc0:WintunSendPacket
10006ecb:DelayLoad_CM_Get_DevNode_Status
10006ee6:DelayLoad_CM_MapCrToWin32Err
10006ef0:DelayLoad_CM_Open_DevNode_Key
10006efa:DelayLoad_CM_Locate_DevNodeW
10006f04:DelayLoad_CM_Get_Device_Interface_ListW
10006f0e:DelayLoad_CM_Get_Device_IDW
10006f18:DelayLoad_CM_Get_Device_Interface_List_SizeW
10006f22:DelayLoad_ConvertInterfaceAliasToLuid
10006f3d:DelayLoad_ConvertInterfaceLuidToGuid
10006f47:DelayLoad_GetTokenInformation
10006f62:DelayLoad_ConvertStringSecurityDescriptorToSecurityDescriptorW
10006f6c:DelayLoad_OpenProcessToken
10006f76:DelayLoad_CreateWellKnownSid
10006f80:DelayLoad_EqualSid
10006f8a:DelayLoad_SetupDiDestroyDeviceInfoList
10006fa5:DelayLoad_SetupDiCreateDeviceInfoW
10006faf:DelayLoad_RegQueryValueExW
10006fb9:DelayLoad_DevCloseObjectQuery
10006fd4:DelayLoad_CoCreateGuid
10006fef:DelayLoad_StringFromGUID2
10006ff9:DelayLoad_SetupDiOpenDevRegKey
10007003:DelayLoad_SwDeviceCreate
1000701e:DelayLoad_SetupDiSetDeviceRegistryPropertyW
10007028:DelayLoad_RegSetValueExW
10007032:DelayLoad_SetupDiDestroyDriverInfoList
1000703c:DelayLoad_SetupDiGetDeviceInstallParamsW
10007046:DelayLoad_SetupDiGetClassDevsExW
10007050:DelayLoad_SetupDiEnumDriverInfoW
1000705a:DelayLoad_SetupDiSetSelectedDriverW
10007064:DelayLoad_DevCreateObjectQuery
1000706e:DelayLoad_SetupDiSetClassInstallParamsW
10007078:DelayLoad_SetupDiBuildDriverInfoList
10007082:DelayLoad_SwDeviceClose
1000708c:DelayLoad_SetupDiCallClassInstaller
10007096:DelayLoad_SetupDiCreateDeviceInfoListExW
100070a0:DelayLoad_SetupDiGetDevicePropertyW
100070aa:DelayLoad_CLSIDFromString
100070b4:DelayLoad_SetupDiSetDeviceInstallParamsW
100070be:DelayLoad_SetupDiGetDeviceInstanceIdW
100070c8:DelayLoad_RegCloseKey
100070d2:DelayLoad_SetupDiEnumDeviceInfo
100070dc:DelayLoad_SetupDiGetDeviceRegistryPropertyW
100070e6:DelayLoad_SetupDiSetDevicePropertyW
100070f0:DelayLoad_SetupDiOpenDeviceInfoW
100070fa:DelayLoad_GetFileVersionInfoSizeW
10007115:DelayLoad_PathCombineW
