10014544:___acrt_initialize
10014569:___acrt_uninitialize
10014599:___acrt_uninitialize_critical
100146f3:_wcsncmp
10014756:___acrt_call_reportfault
10014962:__invoke_watson
10014996:operator()<<lambda_cbab9ec6f41b0180b23cc171c22676b0>,<lambda_44731a7d0e6d81c3e6aa82d741081786>&,<lambda_4b292cb8dd18144e164572427af410ab>_>
100149fa:get_global_action_nolock
10014a3c:siglookup
10014a64:___acrt_get_sigabrt_handler
10014aa9:_raise
10014d75:FID_conflict:___acrt_errno_from_os_error
10014db8:___acrt_errno_map_os_error
10014e25:operator()<<lambda_15ade71b0218206bbe3333a0c9b79046>,<lambda_da44e0f8b0f19ba52fefafb335991732>&,<lambda_207f2d024fc103971653565357d6cd41>_>
10014e77:operator()<<lambda_38edbb1296d33220d7e4dd0ed76b244a>,<lambda_5ce1d447e08cb34b2473517608e21441>&,<lambda_fb385d3da700c9147fc39e65dd577a8c>_>
10014ee2:operator()<<lambda_6affb1475c98b40b75cdec977db92e3c>,<lambda_b8d4b9c228a6ecc3f80208dbb4b4a104>&,<lambda_608742c3c92a14382c1684fc64f96c88>_>
10014f37:operator()<<lambda_a7e850c220f1c8d1e6efeecdedd162c6>,<lambda_46720907175c18b6c9d2717bc0d2d362>&,<lambda_9048902d66e8d99359bc9897bbb930a8>_>
10014f91:construct_ptd
10015030:destroy_fls
10015051:destroy_ptd
1001511e:replace_current_thread_locale_nolock
10015169:___acrt_freeptd
10015440:___acrt_initialize_ptd
10015470:___acrt_uninitialize_ptd
10015546:operator()<<lambda_e5124f882df8998aaf41531e079ba474>,<lambda_3e16ef9562a7dcce91392c22ab16ea36>&,<lambda_e25ca0880e6ef98be67edffd8c599615>_>
100155c0:___acrt_uninitialize_locale
10015621:__malloc_base
1001566f:__acrt_fp_classify
100156d1:fe_to_nearest
10015f71:shift_bytes
10015fa5:should_round_up
10016490:__fileno
100164c0:___acrt_initialize_stdio
10016590:___acrt_uninitialize_stdio
100165f0:__unlock_file
10016619:initialize_inherited_file_handles_nolock
10016780:___acrt_initialize_lowio
100167e0:___acrt_uninitialize_lowio
1001680c:_iswctype
10016875:__calloc_base
100168d2:fegetround
100168e0:___acrt_initialize_locks
10016921:___acrt_lock
10016940:___acrt_uninitialize_locks
10016971:___acrt_unlock
10016988:___acrt_get_process_end_policy
100169d8:__acrt_convert_wcs_mbs_cp<char,wchar_t,<lambda_62f6974d9771e494a5ea317cc32e971c>,__crt_win32_buffer_internal_dynamic_resizing>
10016b50:__acrt_mbs_to_wcs_cp<__crt_win32_buffer_internal_dynamic_resizing>
10017049:FID_conflict:operator()
1001706d:__acrt_get_utf8_acp_compatibility_codepage
100170ac:_deallocate
100170c6:allocate
10017102:allocate
10017141:allocate
10017160:expand_if_necessary
100172b4:allocate
100172ef:___acrt_GetModuleFileNameA
10017390:operator()<<lambda_ceb1ee4838e85a9d631eb091e2fbe199>,<lambda_ae742caa10f662c28703da3d2ea5e57e>&,<lambda_cd08b5d6af4937fe54fc07d0c9bf6b37>_>
100173dd:operator()
10017460:CPtoLocaleName
