1000d524:FID_conflict:convert_hexadecimal_string_to_floating_type<float>
1000d545:FID_conflict:convert_hexadecimal_string_to_floating_type<double>
1000d566:FID_conflict:convert_hexadecimal_string_to_floating_type<float>
1000d587:FID_conflict:convert_hexadecimal_string_to_floating_type<double>
1000d5a8:is_overflow_condition<unsigned___int64>
1000e4a3:parse_floating_point_possible_nan_is_ind<>
1000e4e3:parse_floating_point_possible_nan_is_snan<>
1000e523:parse_floating_point_write_result<float>
1000e68f:parse_floating_point_write_result<double>
1000f28b:skip_whitespace<__crt_stdio_input::string_input_adapter,wchar_t>
1000f2ba:write_floating_point<float>
1000f3d4:input_processor<wchar_t,__crt_stdio_input::string_input_adapter<wchar_t>_>
1000f418:FID_conflict:operator()
1000f444:advance
1000f592:assemble_floating_point_infinity
1000fab7:assemble_floating_point_zero
100118b1:data
10011d98:get
10011dd7:get
10011e06:is_character_allowed_in_string
10011e50:length
10011ea8:process
10012058:process_literal_character
1001208d:process_state
100120cf:process_string_specifier
10012117:process_whitespace
10012137:reset
10012151:reset_token_state_for_error
1001217c:restore_state
100121a1:scan_conversion_specifier
100122ed:scan_optional_assignment_suppressor
1001263e:scan_optional_wide_modifier
10012668:scan_scanset_range
100127cf:set
10012816:should_default_to_wide
1001284a:test
10012875:to_floating_point_length
10012898:to_integer_length
100128eb:unget
10012936:unget
1001295c:validate
10012999:validate
10012aaf:___stdio_common_vswscanf
10012ad3:_memcpy_s
100138a1:__initterm_e
100138cf:__seh_filter_dll
10013a35:operator()<>
10013d3a:__exit
10013e94:parse_command_line<char>
10014008:___acrt_allocate_buffer_for_argv
1001419e:free_environment<>
100141cd:uninitialize_environment_internal<>
100141e8:uninitialize_environment_internal<>
10014254:thunk_FUN_10014062
10014259:operator()<<lambda_69a2805e680e0e292e8ba93315fe43a8>,<lambda_f03950bc5685219e0bcd2087efbe011e>&,<lambda_03fcd07e894ec930e3f35da366ca99d6>_>
100142b4:operator()
100143cc:__initialize_onexit_table
100144e0:uninitialize_allocated_memory
100144f7:__crt_fast_encode_pointer<void*>
10014516:operator()
