1001bb99:__commit
1001bfe8:write_double_translated_unicode_nolock
1001c0ce:write_text_ansi_nolock
1001c1a9:write_text_utf16le_nolock
1001c292:write_text_utf8_nolock
1001c6cc:__controlfp_s
1001c72b:fegetenv
1001c748:fesetenv
1001cdfd:___strncnt
1001ce19:__putwch_nolock
1001ce4b:___hw_cw_sse2
1001cef2:__clearfp
1001cfd0:__control87
1001d2d1:__hw_cw
1001d630:__fFEXP
1001db2b:__math_exit
1001dc27:__startOneArgErrorHandling
1001dc63:___libm_error_support
1001e0e0:__acrt_stdio_free_stream
1001e120:___ascii_strnicmp
1001e181:__dcrt_lowio_initialize_console_output
1001e1a0:___dcrt_lowio_ensure_console_output_initialized
1001e1c0:FID_conflict:___dcrt_terminate_console_output
1001e1d7:___dcrt_write_console
1001e22c:___set_fpsr_sse2
1001e2ac:__clrfp
1001e2bd:__ctrlfp
1001e340:__statfp
1001e4e3:__87except
1001e5ed:__frnd
1001e601:__errcode
1001e635:__except1
1001e97c:__raise_exc
1001e99f:__raise_exc_ex
1001ec95:__set_errno_from_matherr
1001ee36:__set_exp
1001ee63:__sptype
1001eec1:__fpclass
1001ef70:__FindPESection
1001efc0:__IsNonwritableInCurrentImage
1001f080:__ValidateImageBase
1001f0e3:__EH_epilog3
1001f0f7:__EH_prolog3
1001f12a:__EH_prolog3_catch
1001f160:__aulldvrm
1001f210:__allmul
1001f250:__allshl
1001f270:__aulldiv
1001f2e0:__aullshr
1001f300:__alldvrm
1001f3e0:__alloca_probe_16
1001f3f6:__alloca_probe_8
1001f410:thunk_FUN_1001f420
1001f4a0:__alloca_probe
1001f4cb:thunk_FUN_100145e7
1001f610:__filter_x86_sse2_floating_point_exception_default
