1001749e:getSystemCP
10017920:___acrt_initialize_multibyte
10017bd3:__ismbblead
10017c09:___acrt_MultiByteToWideChar
10017c85:___acrt_WideCharToMultiByte
10017d3c:find_end_of_double_null_terminated_sequence
10017e13:__recalloc_base
10017e80:try_get_AreFileApisANSI
10017e9a:FID_conflict:try_get_LCMapStringEx
10017eb4:try_get_LocaleNameToLCID
10017f9a:try_get_function
1001801d:___acrt_AppPolicyGetProcessTerminationMethodInternal@4
1001805d:___acrt_AreFileApisANSI@0
1001807c:___acrt_FlsAlloc@4
100180bb:___acrt_FlsFree@4
100180fa:___acrt_FlsGetValue@4
10018139:___acrt_FlsSetValue@8
1001817b:___acrt_InitializeCriticalSectionEx@12
100181c6:___acrt_LCMapStringEx@36
10018223:___acrt_LocaleNameToLCID@8
10018280:___acrt_uninitialize_winapi_thunks
100182ea:___acrt_execute_initializers
10018352:___acrt_execute_uninitializers
10018392:__callnewh
100183bf:__query_new_handler
1001841b:___acrt_has_user_matherr
10018450:___acrt_invoke_user_matherr
1001850e:operator()<<lambda_2cc53f568c5a2bb6f192f930a45d44ea>,<lambda_ab61a845afdef5b7c387490eaf3616ee>&,<lambda_c2ffc0b7726aa6be21d5f0026187e748>_>
100185ba:common_flush_all
10018607:common_flush_all_should_try_to_flush_stream
1001863a:is_stream_flushable_or_commitable
1001872d:__flushall
10018736:___acrt_LCMapStringW
10018774:___acrt_add_locale_ref
100187f1:___acrt_free_locale
10018939:___acrt_locale_add_lc_time_reference
10018962:___acrt_locale_free_lc_time_if_unreferenced
10018993:___acrt_locale_release_lc_time_reference
100189bc:___acrt_release_locale_ref
10018abe:__updatetlocinfoEx_nolock
10018b0e:___acrt_locale_free_monetary
10018c0c:___acrt_locale_free_numeric
10018c9a:___acrt_locale_free_time
1001a831:___acrt_stdio_free_buffer_nolock
1001a8c7:___acrt_lowio_create_handle_array
1001a942:___acrt_lowio_destroy_handle_array
1001a977:___acrt_lowio_ensure_fh_exists
1001aa38:___acrt_lowio_unlock_fh
1001ab56:___acrt_GetStringTypeW
1001ae38:___acrt_fenv_get_common_round_control
1001ae5a:___acrt_fenv_get_control
1001b100:_qsort
1001b6b0:_strpbrk
1001b6f0:__mbsdec
1001b707:__mbsdec_l
1001b982:___acrt_LCMapStringA
1001b9df:FID_conflict:__msize_base
1001ba12:__realloc_base
1001ba7b:FID_conflict:GetTableIndexFromLocaleName
1001bacb:___acrt_DownlevelLocaleNameToLCID
