10008b12:___vcrt_getptd
10008b20:___vcrt_getptd_noexit
10008bb2:___vcrt_initialize_ptd
10008be5:___vcrt_uninitialize_ptd
10008c00:___vcrt_initialize_locks
10008c3c:___vcrt_uninitialize_locks
10008c80:__NLG_Notify
10008e66:_JumpToContinuation
10008e96:_UnwindNestedFrames
10008ee9:__CatchGuardHandler
10008f1a:__CreateFrameInfo
10008f86:__TranslatorGuardHandler
10009023:FID_conflict:___CxxFrameHandler3
100095d4:try_get_first_available_module
1000966e:try_get_function
100096b7:___vcrt_FlsAlloc
100096f2:___vcrt_FlsFree
1000972d:___vcrt_FlsGetValue
10009768:___vcrt_FlsSetValue
100097a6:___vcrt_InitializeCriticalSectionEx
1000992b:BuildCatchObjectInternal<__FrameHandler3>
100099c4:CatchIt<__FrameHandler3>
10009f24:FID_conflict:___TypeMatch
10009fb2:__InternalCxxFrameHandler<__FrameHandler3>
1000a100:exception
1000a141:operator==
1000a18d:CallCatchBlock
1000a371:Catch_All@1000a371
1000a390:ExFilterRethrow
1000a3da:FrameUnwindToEmptyState
1000a574:_CallMemberFunction1
1000a584:_CallMemberFunction2
1000a5c0:__CallSettingFrame@12
1000a629:GetCurrentState
1000a646:SetState
1000a654:___std_exception_copy
1000a6b7:___std_exception_destroy
1000a6d6:__CxxThrowException@8
1000a750:_abort
1000a853:__towlower_internal
1000acc2:count<char>
1000adf6:is_overflow_condition<unsigned_long>
1000ae27:is_wide_character_specifier<wchar_t>
1000ae75:make_c_string_character_source<>
1000b45f:scratch_data<char>
1000bd86:operator=
1000be46:force_decimal_point
1000c7d5:to_integer_size
1000c829:type_case_Z
1000cb81:type_case_s
1000cc49:unget
1000cd27:write_string
1000cd98:___acrt_locale_get_ctype_array_value
1000ce8e:__wcsnicmp
1000d198:_wmemcpy_s
1000d21c:_wmemset
1000d3f8:assemble_floating_point_snan<double>
1000d419:assemble_floating_point_value_t<float>
1000d449:assemble_floating_point_value_t<double>
1000d48b:common_vsscanf<wchar_t>
