10007130:DelayLoad_VerQueryValueW
1000713a:DelayLoad_PathFindFileNameW
10007144:DelayLoad_SetupUninstallOEMInfW
1000714e:DelayLoad_SetupDiGetDriverInfoDetailW
10007158:DelayLoad_GetFileVersionInfoW
10007162:DelayLoad_SetupCopyOEMInfW
1000716c:DelayLoad_SystemFunction036
10007176:DelayLoad_CommandLineToArgvW
10007191:DelayLoad_NciSetConnectionName
100071ac:DelayLoad_SetupDiSetSelectedDevice
100071b6:DloadAcquireSectionWriteAccess
100071e9:DloadGetSRWLockFunctionPointers
1000725c:DloadLock
1000729b:DloadMakePermanentImageCommit
1000730a:DloadObtainSection
10007385:DloadProtectSection
100073f3:DloadReleaseSectionWriteAccess
10007429:DloadUnlock
10007455:___delayLoadHelper2@8
100076c4:__security_check_cookie
100078d0:dllmain_crt_dispatch
10007ada:dllmain_dispatch
10007be5:dllmain_raw
10007c40:guard_check_icall
10007c43:___get_entropy
10007c90:___security_init_cookie
10007ce7:__scrt_uninitialize_type_info
10007d10:find_pe_section
10007d54:___scrt_acquire_startup_lock
10007d86:___scrt_dllmain_after_initialize_c
10007dbf:___scrt_dllmain_crt_thread_attach
10007dde:___scrt_dllmain_crt_thread_detach
10007deb:___scrt_dllmain_exception_filter
10007e4f:___scrt_initialize_crt
10007f0f:___scrt_is_nonwritable_in_current_image
10007fa3:___scrt_release_startup_lock
10007fc0:___scrt_uninitialize_crt
10008170:__SEH_prolog4
1000838a:___scrt_is_ucrt_dll_in_use
100083a0:_ValidateLocalCookies
100083e0:__except_handler4
1000853e:___std_type_info_compare
1000857a:___std_type_info_destroy_list
1000859d:___vcrt_initialize
100085bc:___vcrt_thread_attach
100085c7:___vcrt_thread_detach
100085d2:___vcrt_uninitialize
10008600:___DestructExceptionObject
100086a1:_CallMemberFunction0
10008706:__IsExceptionObjectToBeDestroyed
1000872c:___AdjustPointer
100087b0:Unwind@100087b0
100087c0:_memset
10008a10:_EH4_CallFilterFunc
10008a30:_EH4_TransferToHandler
10008a50:_EH4_GlobalUnwind2
10008a70:_EH4_LocalUnwind
10008a87:___except_validate_context_record
10008ac0:___vcrt_freefls@4
10008adc:___vcrt_freeptd
