004011f4:GetStdHandle
0040120c:UnhandledExceptionFilter
00401214:WriteFile
0040121c:CharNextA
00401224:ExitProcess
0040122c:MessageBoxA
00401234:FindClose
0040123c:FindFirstFileA
00401244:FreeLibrary
0040124c:GetCommandLineA
00401254:GetLocaleInfoA
0040125c:GetModuleFileNameA
00401264:GetModuleHandleA
0040126c:GetProcAddress
00401274:GetStartupInfoA
0040127c:GetThreadLocale
00401284:LoadLibraryExA
0040128c:LoadStringA
00401294:lstrcpynA
0040129c:lstrlenA
004012a4:MultiByteToWideChar
004012ac:RegCloseKey
004012b4:RegOpenKeyExA
004012bc:RegQueryValueExA
004012c4:WideCharToMultiByte
004012cc:VirtualQuery
004012d4:SysAllocStringLen
004012dc:SysReAllocStringLen
004012e4:SysFreeString
004012ec:InterlockedIncrement
004012f4:InterlockedDecrement
004012fc:GetCurrentThreadId
00401304:GetVersion
00401330:LocalAlloc
00401338:LocalFree
00401340:VirtualAlloc
00401348:VirtualFree
00401350:InitializeCriticalSection
00401358:EnterCriticalSection
00401360:LeaveCriticalSection
00401368:DeleteCriticalSection
00402fbc:thunk_FUN_00402fc4
004032a8:GetKeyboardType
0040368c:thunk_FUN_00403690
004046f0:thunk_FUN_004046ac
004046f8:thunk_FUN_004046ac
00404fcc:thunk_FUN_00404c60
00405fa0:GetModuleHandleA
00405fa8:LocalAlloc
00405fb0:TlsGetValue
00405fb8:TlsSetValue
00406224:RegCloseKey
0040622c:RegOpenKeyExA
00406234:RegQueryValueExA
0040623c:CloseHandle
00406244:CompareStringA
0040624c:CreateEventA
00406254:CreateFileA
0040625c:CreateThread
00406264:DeleteCriticalSection
