0040662c:CharToOemA
00406634:CheckMenuItem
0040663c:ClientToScreen
00406644:CreateIcon
0040664c:CreateMenu
00406654:CreatePopupMenu
0040665c:DefFrameProcA
0040666c:DefWindowProcA
00406674:DeleteMenu
0040667c:DestroyCursor
00406684:DestroyIcon
0040668c:DestroyMenu
00406694:DestroyWindow
0040669c:DispatchMessageA
004066a4:DrawEdge
004066ac:DrawFrameControl
004066b4:DrawIcon
004066bc:DrawIconEx
004066c4:DrawMenuBar
004066cc:DrawTextA
004066d4:EnableMenuItem
004066e4:EnableWindow
004066ec:EndPaint
004066f4:EnumThreadWindows
004066fc:EnumWindows
00406704:EqualRect
0040670c:FillRect
00406714:FindWindowA
0040671c:FrameRect
00406724:GetActiveWindow
0040672c:GetAsyncKeyState
00406734:GetCapture
0040673c:GetClassInfoA
00406744:GetClassNameA
0040674c:GetClientRect
00406754:GetCursor
0040675c:GetCursorPos
00406764:GetDC
0040676c:GetDCEx
00406774:GetDesktopWindow
0040677c:GetDoubleClickTime
00406784:GetFocus
0040678c:GetForegroundWindow
00406794:GetIconInfo
0040679c:GetKeyNameTextA
004067a4:GetKeyState
004067ac:GetKeyboardLayout
004067b4:GetKeyboardLayoutList
004067bc:GetKeyboardState
004067c4:GetLastActivePopup
004067cc:GetMenu
004067d4:GetMenuItemCount
004067dc:GetMenuItemID
004067e4:GetMenuItemInfoA
004067ec:GetMenuState
004067f4:GetMenuStringA
004067fc:GetWindow
00406804:GetParent
0040680c:GetPropA
0040682c:GetSubMenu
