00406834:GetSysColor
00406844:GetSystemMenu
0040684c:GetSystemMetrics
00406854:GetTopWindow
0040685c:GetWindow
00406864:GetWindowDC
0040686c:GetWindowLongA
00406874:GetWindowPlacement
0040687c:GetWindowRect
00406884:GetWindowTextA
0040688c:GetWindowThreadProcessId
00406894:GetWindowThreadProcessId
0040689c:InflateRect
004068a4:InsertMenuA
004068ac:InsertMenuItemA
004068b4:IntersectRect
004068bc:InvalidateRect
004068c4:IsChild
004068cc:IsDialogMessageA
004068d4:IsIconic
004068dc:IsRectEmpty
004068e4:IsWindow
004068ec:IsWindowEnabled
004068f4:IsWindowVisible
00406904:KillTimer
0040690c:LoadBitmapA
00406914:LoadCursorA
0040691c:LoadIconA
0040692c:LoadStringA
00406934:MapVirtualKeyA
0040693c:MapWindowPoints
00406944:MessageBoxA
0040694c:OemToCharA
00406954:OffsetRect
0040695c:PeekMessageA
00406964:PostMessageA
0040696c:PostQuitMessage
00406974:PtInRect
0040697c:RedrawWindow
00406984:RegisterClassA
0040698c:RegisterClipboardFormatA
00406994:RegisterWindowMessageA
0040699c:ReleaseCapture
004069a4:ReleaseDC
004069ac:RemoveMenu
004069bc:ScreenToClient
004069c4:ScrollWindow
004069cc:SendMessageA
004069d4:SetActiveWindow
004069dc:SetCapture
004069e4:SetClassLongA
004069ec:SetCursor
004069f4:SetFocus
004069fc:SetForegroundWindow
00406a04:SetMenu
00406a0c:SetMenuItemInfoA
00406a14:SetParent
00406a1c:SetPropA
00406a24:SetRect
00406a44:SetTimer
