00406a4c:SetWindowLongA
00406a54:SetWindowPlacement
00406a5c:SetWindowPos
00406a64:SetWindowTextA
00406a6c:SetWindowsHookExA
00406a74:ShowCursor
00406a7c:ShowOwnedPopups
00406a8c:ShowWindow
00406a94:SystemParametersInfoA
00406a9c:TrackPopupMenu
00406aa4:TranslateMDISysAccel
00406aac:TranslateMessage
00406ab4:UnhookWindowsHookEx
00406abc:UnregisterClassA
00406ac4:UpdateWindow
00406acc:WaitMessage
00406ad4:WinHelpA
00406adc:WindowFromPoint
00406b7c:CreateWindowExA
0040c9e8:Sleep
0040d5e8:VariantInit
0040d5f0:VariantClear
0040d5f8:VariantCopy
0040d600:VariantChangeType
0040da4c:SafeArrayCreate
0040da54:SafeArrayGetLBound
0040da5c:SafeArrayGetUBound
0040da64:SafeArrayPtrOfIndex
00422110:ImageList_Create
00422118:ImageList_Destroy
00422120:ImageList_GetImageCount
00422128:ImageList_Add
00422130:ImageList_ReplaceIcon
00422138:ImageList_SetBkColor
00422140:ImageList_GetBkColor
00422154:ImageList_Draw
0042215c:ImageList_DrawEx
00422164:ImageList_Remove
0042216c:ImageList_GetIcon
00422174:ImageList_BeginDrag
0042217c:ImageList_EndDrag
00422184:ImageList_DragEnter
0042218c:ImageList_DragLeave
00422194:ImageList_DragMove
0042219c:ImageList_SetDragCursorImage
004221a4:ImageList_DragShowNolock
004221ac:ImageList_GetDragImage
004221b4:ImageList_Read
004221bc:ImageList_Write
004221c4:ImageList_GetIconSize
004221cc:ImageList_SetIconSize
00424938:Shell_NotifyIconA
0042f7d0:thunk_FUN_0042f7d5
0043e344:thunk_FUN_0043e348
0043f374:thunk_FUN_0043f37a
0044a1bc:thunk_FUN_0044a1c1
