0040626c:EnterCriticalSection
00406274:EnumCalendarInfoA
0040627c:FindResourceA
00406284:FormatMessageA
0040628c:FreeLibrary
00406294:InterlockedExchange
0040629c:FreeResource
004062a4:GetACP
004062ac:GetCPInfo
004062b4:GetCurrentProcessId
004062bc:GetCurrentThreadId
004062c4:GetDateFormatA
004062cc:GetDiskFreeSpaceA
004062d4:GetFullPathNameA
004062dc:GetLastError
004062e4:GetLocalTime
004062ec:GetLocaleInfoA
004062f4:GetModuleFileNameA
004062fc:GetModuleHandleA
00406304:GetProcAddress
0040630c:GetStdHandle
00406314:GetStringTypeExA
0040631c:GetSystemInfo
00406324:GetThreadLocale
0040632c:GetTickCount
00406334:GetVersion
0040633c:GetVersionExA
00406344:GlobalAddAtomA
0040634c:GlobalAlloc
00406354:GlobalDeleteAtom
0040635c:GlobalFindAtomA
00406364:GlobalFree
0040636c:GlobalLock
00406374:GlobalHandle
0040637c:GlobalReAlloc
00406384:GlobalUnlock
0040638c:InitializeCriticalSection
00406394:LeaveCriticalSection
0040639c:LoadLibraryA
004063a4:LoadResource
004063ac:LockResource
004063b4:MulDiv
004063bc:ReadFile
004063c4:ResetEvent
004063cc:SetEndOfFile
004063d4:SetErrorMode
004063dc:SetEvent
004063e4:SetFilePointer
004063ec:SetThreadLocale
004063f4:SizeofResource
004063fc:Sleep
00406404:VirtualAlloc
0040640c:VirtualQuery
00406414:WaitForSingleObject
0040641c:WriteFile
00406424:lstrcpyA
0040642c:GetFileVersionInfoA
00406434:GetFileVersionInfoSizeA
0040643c:VerQueryValueA
00406444:BitBlt
