0040644c:CreateBitmap
00406454:CreateBrushIndirect
0040645c:CreateCompatibleBitmap
00406464:CreateCompatibleDC
0040646c:CreateDIBSection
00406474:CreateDIBitmap
0040647c:CreateFontIndirectA
00406484:CreateHalftonePalette
0040648c:CreatePalette
00406494:CreatePenIndirect
0040649c:CreateSolidBrush
004064a4:DeleteDC
004064ac:DeleteObject
004064b4:ExcludeClipRect
004064bc:GetBitmapBits
004064c4:GetBrushOrgEx
004064cc:GetClipBox
004064d4:GetCurrentPositionEx
004064dc:GetDCOrgEx
004064e4:GetDIBColorTable
004064ec:GetDIBits
004064f4:GetDeviceCaps
004064fc:GetObjectA
00406504:GetPaletteEntries
0040650c:GetPixel
00406514:GetStockObject
0040651c:GetSystemPaletteEntries
00406524:GetTextExtentPoint32A
0040652c:GetTextMetricsA
00406534:GetWindowOrgEx
0040653c:IntersectClipRect
00406544:LineTo
0040654c:MaskBlt
00406554:MoveToEx
0040655c:PatBlt
00406564:RealizePalette
0040656c:RectVisible
00406574:RestoreDC
0040657c:SaveDC
00406584:SelectObject
0040658c:SelectPalette
00406594:SetBkColor
0040659c:SetBkMode
004065a4:SetBrushOrgEx
004065ac:SetDIBColorTable
004065b4:SetPixel
004065bc:SetROP2
004065c4:SetStretchBltMode
004065cc:SetTextColor
004065d4:SetViewportOrgEx
004065dc:SetWindowOrgEx
004065e4:StretchBlt
004065ec:UnrealizeObject
004065f4:ActivateKeyboardLayout
004065fc:AdjustWindowRectEx
00406604:CharLowerA
0040660c:BeginPaint
00406614:CallNextHookEx
0040661c:CallWindowProcA
00406624:CharNextA
