6c4c7a50:upnpCon.csUPNP
6c4c7c40:upnpCon.csUPNP.func2
6c4c7c80:upnpCon.ccUPNP
6c4c7e00:upnpCon.csUPNP.func1
6c4c9760:socket.Exec
6c4ca8e0:socket.info
6c4cac10:socket.pcinfo
6c4caec0:socket.offline
6c4cb0c0:socket.online
6c4cb350:socket.zjok
6c4cbe80:socket.timeoutProtection
6c4cbf80:socket.sendInfo
6c4cc1f0:socket.TCPRecv
6c4cd5b0:socket.TCPRecv.func4
6c4cd600:socket.TCPRecv.func3
6c4cd890:socket.TCPRecv.func1
6c4cd950:socket.Relogin
6c4ce010:socket.csLogin
6c4ce510:socket.Login2
6c4ce990:socket.Login2.func1
6c4cea00:socket.Run
6c4cede0:socket.Login1
6c4cf930:socket.StartMapping
6c4d0ba0:socket.StartMapping.func3
6c4d0c10:socket.StartMapping.func2
6c4d0c80:socket.StartMapping.func1
6c4d0cf0:socket.StopMapping
6c4d1100:socket.Login1.func1
6c4d1220:socket.TCPRecv.func2
6c4d1320:socket.zjok.func1
6c4d14c0:run.Penetrate
6c4d2660:run.Penetrate.func7
6c4d26b0:run.Penetrate.func6
6c4d2700:run.Penetrate.func5
6c4d2750:run.Penetrate.func4
6c4d27a0:run.Penetrate.func3
6c4d27f0:run.Penetrate.func1
6c4d2850:run.conection
6c4d2d20:run.conection.func1
6c4d2d70:run.Mode1
6c4d3300:run.Mode1.func1
6c4d3340:run.Mode2
6c4d3690:run.Mode2.func1
6c4d36d0:run.sendModeState
6c4d38a0:run.glob..func1
6c4d38c0:run.Run
6c4d41c0:run.Run.func4
6c4d42a0:run.Run2
6c4d4800:run.Run2.func3
6c4d48e0:run.wsHandler
6c4d4eb0:run.wsHandler.func2
6c4d4ef0:run.sendState
6c4d5730:run.showTitle
6c4d5c80:run.showTitle.func1
6c4d5cc0:run.webExec
6c4da440:run.webExec.func1
6c4da5f0:run.resInfo
6c4da7c0:run.wsHandler.func1
6c4daa80:run.Run2.func1
6c4dabf0:run.Run2.func2
