6c4ba6c0:encode.utf8ToGbk
6c4ba8d0:encode.StrToGBK
6c4becc0:nat11.Exec
6c4bee00:nat11.N11Start
6c4bf0e0:nat11.n11_1
6c4bf560:nat11.n11_1.func1
6c4bf5e0:nat11.n11_2
6c4bfac0:nat11.n11_2.func1
6c4bfb20:nat11.n11_3
6c4bfd30:nat11.n11_4
6c4bfeb0:nat11.n11_5
6c4c0310:nat11.n11_5.func1
6c4c0370:nat11.n11_6
6c4c03f0:nat11.getRandCon
6c4c05b0:nat1x.CS1or0
6c4c0900:nat1x.CC1or0
6c4c0ce0:nat1x.Exec
6c4c0e90:nat1x.s1
6c4c1220:nat1x.s2
6c4c1630:nat1x.s2.func1
6c4c1690:nat1x.s3
6c4c17b0:nat1x.c1
6c4c1b00:nat1x.c2
6c4c1d20:nat1x.c3
6c4c21e0:nat1x.c3.func1
6c4c2240:nat1x.c4
6c4c2300:nat1x.scan
6c4c25e0:nat1x.scan.func1
6c4c2640:nat22.Exec
6c4c29d0:nat22.Positions
6c4c2f20:nat22.Scan
6c4c3280:nat22.DeScan
6c4c3420:nat22.Feedback
6c4c36d0:nat22.Connection
6c4c3840:nat22.getLocalPort
6c4c3930:nat22.getlocalport
6c4c3f90:nat22.getlocalport.func1
6c4c3fd0:nat22.udpScan
6c4c4310:nat22.udpRecv
6c4c4830:nat22.udpRecv.func1
6c4c4870:nat22.scanAndNatType
6c4c5280:nat22.udpScan2
6c4c55a0:nat22.rScan
6c4c56f0:nat22.starServerOrClient
6c4c5850:nat22.starServerOrClient.func2
6c4c58d0:nat22.starServerOrClient.func1
6c4c5950:nat22.GetRandPort
6c4c5a00:natlan.LanCS
6c4c5d00:natlan.LanCS.func1
6c4c5d50:natlan.LanCC
6c4c61d0:natlan.LanCC.func1
6c4c6230:natlan.Lan2
6c4c65d0:natlan.Lan3
6c4c6670:natlan.GetlanIP
6c4c6960:natlan.getRandPort
6c4c6a10:natlan.csListen
6c4c7110:natlan.csListen.func1
6c4c7180:natlan.ccListen
6c4c7960:natlan.ccListen.func1
6c4c79e0:upnpCon.UPNPCon
