6c486e50:UDPTools.getOutIpAndPort_stun.func1.1
6c486f10:UDPTools.getOutIpAndPort_stun.func3
6c486f50:UDPTools.getOutIpAndPort_stun.func2
6c486f90:UDPTools.getIP
6c487450:UDPTools.GetRandPort
6c4876b0:UDPTools.getRandPort3
6c487770:UDPTools.Positions
6c487920:UDPTools.positions
6c488560:UDPTools.positions.func1
6c4885a0:UDPTools.UDPRecv
6c489410:UDPTools.UDPRecv.func5
6c4894a0:UDPTools.UDPRecv.func4
6c489520:UDPTools.UDPRecv.func3
6c4895b0:UDPTools.UDPRecv.func2
6c489630:UDPTools.UDPRecv.func1
6c489710:UDPTools.UDPScan
6c489a30:UDPTools.UDPScanNat3
6c489f30:UDPTools.UDPScanNat4
6c48a570:UDPTools.StopRecv
6c48a730:UDPTools.GetNatType
6c48a840:UDPTools.getNatType
6c48b430:UDPTools.getNatType.func1
6c48b470:UDPTools.GetOutPort
6c48b550:UDPTools.getOutPort
6c48bbf0:UDPTools.getOutPort.func1
6c48bc30:UDPTools.N11Recv
6c48c5f0:UDPTools.N11Recv.func2
6c48c640:UDPTools.N11Recv.func1
6c48d580:UDPTools.N11Recv.func1.4
6c48d600:UDPTools.N11Recv.func1.3
6c48d690:UDPTools.N11Recv.func1.2
6c48d710:UDPTools.N11Recv.func1.1
6c48d7a0:UDPTools.ttlSend
6c48da70:UDPTools.shuffleints
6c48dd60:UDPTools.shuffleints.func1
6c48de10:UDPTools.UpnpTest
6c48e4a0:UDPTools.UpnpTest.func2
6c48e510:UDPTools.UpnpTest.func1
6c48e550:UDPTools.UpnpConTest
6c48ebf0:UDPTools.UpnpConTest.func1
6c48ec30:UDPTools.init
6c48ec90:UDPTools.map.init.0
6c4b4dd0:TCPTools.Conn
6c4b5d70:TCPTools.Conn.func2
6c4b5dd0:TCPTools.TCPSend
6c4b60a0:TCPTools.GetOutIPV6
6c4b66a0:TCPTools.GetOutIPV6.func1
6c4b66e0:TCPTools.GetOutIP
6c4b6f60:TCPTools.GetOutIP.func2
6c4b6fa0:TCPTools.GetOutIP.func1
6c4b73d0:TCPTools.extractIPs
6c4b7460:TCPTools.Upnp
6c4b7510:TCPTools.newUpnp
6c4b7700:TCPTools.GetUpnpPort
6c4b7820:TCPTools.CheckNetworkConnection
6c4b78f0:TCPTools.GetWebInfo
6c4b7d10:TCPTools.GetWebInfo.func1
6c4b7d50:TCPTools.Conn.func1.1
6c4b7d90:TCPTools.Conn.func1
6c4b7f00:TCPTools.Conn.func1.2
