6c474c30:node.(*Node).newConnect.func1
6c474c80:node.NewNode
6c474e30:node.NewNode.func1
6c474e80:node.MappingClientStar
6c475240:server.serverProxyExit
6c4752e0:server.(*Server).login
6c475b30:server.(*Server).sessionTimeOut
6c475dc0:server.(*Server).handle
6c4766d0:server.(*Server).handle.func3
6c476720:server.(*Server).handle.func2
6c476760:server.(*Server).handle.func1
6c4767a0:server.(*Server).newListen
6c477840:server.(*Server).newListen.func2
6c4778a0:server.NewServer
6c477a80:server.NewServer.func1
6c477ae0:server.MappingServerStar
6c478570:server.getRandPort
6c478630:server.loadConfig
6c478880:server.ServerExit
6c478970:server.DisClient
6c478a90:server.(*Server).newListen.func1
6c478b30:server.init
6c478c10:mapping.ClientStar
6c47a110:mapping.ServerStar
6c47af30:mapping.ServerStar.func3
6c47af70:mapping.ServerStar.func2
6c47afc0:mapping.PortForwarding
6c47b170:mapping.PortForwarding.func2
6c47b1c0:mapping.PortForwarding.func1
6c47b210:mapping.udpMapping
6c47b3a0:mapping.udpMapping.func2
6c47b3e0:mapping.udpMapping.func1
6c47b420:mapping.TCPSend
6c47b6c0:mapping.getRandCon
6c47b950:mapping.SamelanIP
6c47bcd0:mapping.ServerStar.func1
6c47bcf0:mapping.ClientStar.func1
6c4831d0:UDPTools.CC_Start
6c4833f0:UDPTools.CC_Start.func1
6c483440:UDPTools.ccListen
6c483c50:UDPTools.ccListen.func2
6c483cd0:UDPTools.ccListen.func1
6c483d10:UDPTools.CC_End
6c483e10:UDPTools.CS_Start
6c4841a0:UDPTools.CS_Start.func1
6c484200:UDPTools.csListen
6c4849a0:UDPTools.csListen.func1
6c484a10:UDPTools.getRandPort
6c484ac0:UDPTools.GetlanIP
6c484db0:UDPTools.GetOutIPV6_stun
6c484ed0:UDPTools.GetNatType_stun
6c4850f0:UDPTools.GetOutIP_stun
6c485630:UDPTools.GetOutIP_stun.func2
6c485670:UDPTools.GetOutIP_stun.func3
6c4856c0:UDPTools.GetOutIP_stun.func1
6c485790:UDPTools.GetOutIP_stun.func1.1
6c4857d0:UDPTools.Positions_stun
6c485fd0:UDPTools.getOutPort_stun
6c4860f0:UDPTools.getOutIpAndPort_stun
6c486c70:UDPTools.getOutIpAndPort_stun.func1
