6c227b50:AES.Encrypt
6c228070:AES.Decrypt
6c22eef0:myfmt.Println
6c22efe0:myfmt.insertLog
6c22f5e0:myfmt.LogInit
6c41ad80:values.LoginReset
6c41b110:values.ClientStr
6c41b280:values.AdDialog
6c41b340:values.Restart
6c41b470:values.init
6c436ca0:json.GetClientIpList
6c437380:json.SetClientIpList
6c437c10:json.GetSignLog
6c437f10:json.SetSignLog
6c438400:json.StrToJson
6c438e80:json.GetAuto_login
6c438ff0:json.SetAuto_login
6c439190:json.GetAuto_user
6c4392c0:json.SetAuto_user
6c439470:json.GetAuto_pwd
6c439610:json.SetAuto_pwd
6c439850:json.GetAuto_start
6c4399f0:json.SetAuto_start
6c439c30:json.GetMax_user
6c439da0:json.SetMax_user
6c439fc0:json.GetCon_pwd
6c43a220:json.SetCon_pwd
6c43a560:json.GetPcName
6c43a6b0:json.SetPcName
6c43a920:json.GetVPN
6c43aa50:json.SetVPN
6c43ac70:json.SetP2N
6c43ae90:json.SetLanIP
6c43b100:json.GetWeb_pwd
6c43b360:json.SetWeb_pwd
6c43b6a0:json.GetMappingStr
6c43bd00:json.GetMappingList
6c43c170:json.AddMapping
6c43cc60:json.DelMapping
6c43d0c0:json.EditMapping
6c43dba0:json.newUser
6c43df30:json.getJsonObj
6c43e090:json.createJson
6c43e410:json.createJson.func1
6c43e450:json.GetCurrentPath
6c43e600:json.v_ip
6c43e710:json.v_port
6c43e770:json.isIpv4
6c43e950:json.getMac
6c43f000:json.GetIps
6c43f230:json.AddP2NAndLanIP
6c43f570:json.SetPcid
6c43f660:json.InsertRegKey
6c43f940:json.InsertRegKey.func1
6c43f980:json.ReadStr
6c43fe30:json.ReadStr.func1
6c473c50:node.nodeProxyExit
6c473cc0:node.(*Node).login
6c474420:node.(*Node).newConnect
6c474bf0:node.(*Node).newConnect.func2
